// Jest Snapshot v1, https://goo.gl/fbAQLP

exports[`NavBar should be the same 1`] = `
Object {
  "asFragment": [Function],
  "baseElement": <body>
    <div>
      <div
        class="box"
      >
        <h2
          class="fns-typography fns-typography_h2 title"
        >
          Заявки на подбор персонала
        </h2>
        <div
          class="buttonBox"
        >
          <div
            class="modalBox"
          >
            <div
              role="button"
            >
              <button
                class="fns-button fns-button_outline fns-button_primary buttons"
                style="width: 185px;"
                type="button"
              >
                <span>
                  Подать заявку
                </span>
              </button>
            </div>
          </div>
          <a
            href="/services/work/applications/register"
          >
            <button
              class="fns-button fns-button_fill fns-button_primary buttons"
              type="button"
            >
              <span>
                Реестор всех заявок
              </span>
            </button>
          </a>
        </div>
      </div>
    </div>
    <div
      style="position: absolute; top: 0px; left: 0px; width: 100%;"
    />
  </body>,
  "container": <div>
    <div
      class="box"
    >
      <h2
        class="fns-typography fns-typography_h2 title"
      >
        Заявки на подбор персонала
      </h2>
      <div
        class="buttonBox"
      >
        <div
          class="modalBox"
        >
          <div
            role="button"
          >
            <button
              class="fns-button fns-button_outline fns-button_primary buttons"
              style="width: 185px;"
              type="button"
            >
              <span>
                Подать заявку
              </span>
            </button>
          </div>
        </div>
        <a
          href="/services/work/applications/register"
        >
          <button
            class="fns-button fns-button_fill fns-button_primary buttons"
            type="button"
          >
            <span>
              Реестор всех заявок
            </span>
          </button>
        </a>
      </div>
    </div>
  </div>,
  "debug": [Function],
  "findAllByAltText": [Function],
  "findAllByDisplayValue": [Function],
  "findAllByLabelText": [Function],
  "findAllByPlaceholderText": [Function],
  "findAllByRole": [Function],
  "findAllByTestId": [Function],
  "findAllByText": [Function],
  "findAllByTitle": [Function],
  "findByAltText": [Function],
  "findByDisplayValue": [Function],
  "findByLabelText": [Function],
  "findByPlaceholderText": [Function],
  "findByRole": [Function],
  "findByTestId": [Function],
  "findByText": [Function],
  "findByTitle": [Function],
  "getAllByAltText": [Function],
  "getAllByDisplayValue": [Function],
  "getAllByLabelText": [Function],
  "getAllByPlaceholderText": [Function],
  "getAllByRole": [Function],
  "getAllByTestId": [Function],
  "getAllByText": [Function],
  "getAllByTitle": [Function],
  "getByAltText": [Function],
  "getByDisplayValue": [Function],
  "getByLabelText": [Function],
  "getByPlaceholderText": [Function],
  "getByRole": [Function],
  "getByTestId": [Function],
  "getByText": [Function],
  "getByTitle": [Function],
  "queryAllByAltText": [Function],
  "queryAllByDisplayValue": [Function],
  "queryAllByLabelText": [Function],
  "queryAllByPlaceholderText": [Function],
  "queryAllByRole": [Function],
  "queryAllByTestId": [Function],
  "queryAllByText": [Function],
  "queryAllByTitle": [Function],
  "queryByAltText": [Function],
  "queryByDisplayValue": [Function],
  "queryByLabelText": [Function],
  "queryByPlaceholderText": [Function],
  "queryByRole": [Function],
  "queryByTestId": [Function],
  "queryByText": [Function],
  "queryByTitle": [Function],
  "rerender": [Function],
  "unmount": [Function],
}
`;
