// Jest Snapshot v1, https://goo.gl/fbAQLP

exports[`Компонент NotFound snapshot совпадает 1`] = `
<h1>
  Страница не найдена.
</h1>
`;
